[2026-07-20 10:23:36] local.ERROR: filemtime(): stat failed for C:\Users\LENOVO\Documents\forum-backend\.env {"exception":"[object] (ErrorException(code: 0): filemtime(): stat failed for C:\\Users\\LENOVO\\Documents\\forum-backend\\.env at C:/Users/LENOVO/Documents/forum-backend/vendor/laravel/framework/src/Illuminate/Foundation/Console/ServeCommand.php:147)
[stacktrace]
#0 C:/Users/LENOVO/Documents/forum-backend/vendor/laravel/framework/src/Illuminate/Foundation/Bootstrap/HandleExceptions.php(262): Illuminate/Foundation/Bootstrap/HandleExceptions->handleError()
#1 [internal function]: Illuminate/Foundation/Bootstrap/HandleExceptions->{closure:Illuminate/Foundation/Bootstrap/HandleExceptions::forwardsTo():261}()
#2 C:/Users/LENOVO/Documents/forum-backend/vendor/laravel/framework/src/Illuminate/Foundation/Console/ServeCommand.php(147): filemtime()
#3 C:/Users/LENOVO/Documents/forum-backend/vendor/laravel/framework/src/Illuminate/Container/BoundMethod.php(36): Illuminate/Foundation/Console/ServeCommand->handle()
#4 C:/Users/LENOVO/Documents/forum-backend/vendor/laravel/framework/src/Illuminate/Container/Util.php(43): Illuminate/Container/BoundMethod::{closure:Illuminate/Container/BoundMethod::call():35}()
#5 C:/Users/LENOVO/Documents/forum-backend/vendor/laravel/framework/src/Illuminate/Container/BoundMethod.php(96): Illuminate/Container/Util::unwrapIfClosure()
#6 C:/Users/LENOVO/Documents/forum-backend/vendor/laravel/framework/src/Illuminate/Container/BoundMethod.php(35): Illuminate/Container/BoundMethod::callBoundMethod()
#7 C:/Users/LENOVO/Documents/forum-backend/vendor/laravel/framework/src/Illuminate/Container/Container.php(799): Illuminate/Container/BoundMethod::call()
#8 C:/Users/LENOVO/Documents/forum-backend/vendor/laravel/framework/src/Illuminate/Console/Command.php(211): Illuminate/Container/Container->call()
#9 C:/Users/LENOVO/Documents/forum-backend/vendor/symfony/console/Command/Command.php(341): Illuminate/Console/Command->execute()
#10 C:/Users/LENOVO/Documents/forum-backend/vendor/laravel/framework/src/Illuminate/Console/Command.php(180): Symfony/Component/Console/Command/Command->run()
#11 C:/Users/LENOVO/Documents/forum-backend/vendor/symfony/console/Application.php(1117): Illuminate/Console/Command->run()
#12 C:/Users/LENOVO/Documents/forum-backend/vendor/symfony/console/Application.php(356): Symfony/Component/Console/Application->doRunCommand()
#13 C:/Users/LENOVO/Documents/forum-backend/vendor/symfony/console/Application.php(195): Symfony/Component/Console/Application->doRun()
#14 C:/Users/LENOVO/Documents/forum-backend/vendor/laravel/framework/src/Illuminate/Foundation/Console/Kernel.php(198): Symfony/Component/Console/Application->run()
#15 C:/Users/LENOVO/Documents/forum-backend/vendor/laravel/framework/src/Illuminate/Foundation/Application.php(1235): Illuminate/Foundation/Console/Kernel->handle()
#16 C:/Users/LENOVO/Documents/forum-backend/artisan(16): Illuminate/Foundation/Application->handleCommand()
#17 {main}
"} 
[2026-07-20 10:23:36] local.ERROR: include(C:\Users\LENOVO\Documents\forum-backend\vendor\composer/../filp/whoops/src/Whoops/Handler/Handler.php): Failed to open stream: No such file or directory {"exception":"[object] (ErrorException(code: 0): include(C:\\Users\\LENOVO\\Documents\\forum-backend\\vendor\\composer/../filp/whoops/src/Whoops/Handler/Handler.php): Failed to open stream: No such file or directory at C:/Users/LENOVO/Documents/forum-backend/vendor/composer/ClassLoader.php:576)
[stacktrace]
#0 C:/Users/LENOVO/Documents/forum-backend/vendor/laravel/framework/src/Illuminate/Foundation/Bootstrap/HandleExceptions.php(262): Illuminate/Foundation/Bootstrap/HandleExceptions->handleError()
#1 C:/Users/LENOVO/Documents/forum-backend/vendor/composer/ClassLoader.php(576): Illuminate/Foundation/Bootstrap/HandleExceptions->{closure:Illuminate/Foundation/Bootstrap/HandleExceptions::forwardsTo():261}()
#2 C:/Users/LENOVO/Documents/forum-backend/vendor/composer/ClassLoader.php(576): include('...')
#3 C:/Users/LENOVO/Documents/forum-backend/vendor/composer/ClassLoader.php(427): {closure:Composer/Autoload/ClassLoader::initializeIncludeClosure():575}()
#4 C:/Users/LENOVO/Documents/forum-backend/vendor/nunomaduro/collision/src/Handler.php(16): Composer/Autoload/ClassLoader->loadClass()
#5 C:/Users/LENOVO/Documents/forum-backend/vendor/composer/ClassLoader.php(576): include('...')
#6 C:/Users/LENOVO/Documents/forum-backend/vendor/composer/ClassLoader.php(427): {closure:Composer/Autoload/ClassLoader::initializeIncludeClosure():575}()
#7 C:/Users/LENOVO/Documents/forum-backend/vendor/nunomaduro/collision/src/Adapters/Laravel/CollisionServiceProvider.php(55): Composer/Autoload/ClassLoader->loadClass()
#8 C:/Users/LENOVO/Documents/forum-backend/vendor/laravel/framework/src/Illuminate/Container/Container.php(1115): NunoMaduro/Collision/Adapters/Laravel/CollisionServiceProvider->{closure:NunoMaduro/Collision/Adapters/Laravel/CollisionServiceProvider::register():44}()
#9 C:/Users/LENOVO/Documents/forum-backend/vendor/laravel/framework/src/Illuminate/Container/Container.php(933): Illuminate/Container/Container->build()
#10 C:/Users/LENOVO/Documents/forum-backend/vendor/laravel/framework/src/Illuminate/Foundation/Application.php(1078): Illuminate/Container/Container->resolve()
#11 C:/Users/LENOVO/Documents/forum-backend/vendor/laravel/framework/src/Illuminate/Container/Container.php(864): Illuminate/Foundation/Application->resolve()
#12 C:/Users/LENOVO/Documents/forum-backend/vendor/laravel/framework/src/Illuminate/Foundation/Application.php(1058): Illuminate/Container/Container->make()
#13 C:/Users/LENOVO/Documents/forum-backend/vendor/nunomaduro/collision/src/Adapters/Laravel/ExceptionHandler.php(67): Illuminate/Foundation/Application->make()
#14 C:/Users/LENOVO/Documents/forum-backend/vendor/laravel/framework/src/Illuminate/Foundation/Console/Kernel.php(653): NunoMaduro/Collision/Adapters/Laravel/ExceptionHandler->renderForConsole()
#15 C:/Users/LENOVO/Documents/forum-backend/vendor/laravel/framework/src/Illuminate/Foundation/Console/Kernel.php(202): Illuminate/Foundation/Console/Kernel->renderException()
#16 C:/Users/LENOVO/Documents/forum-backend/vendor/laravel/framework/src/Illuminate/Foundation/Application.php(1235): Illuminate/Foundation/Console/Kernel->handle()
#17 C:/Users/LENOVO/Documents/forum-backend/artisan(16): Illuminate/Foundation/Application->handleCommand()
#18 {main}
"} 
[2026-07-20 10:23:36] local.ERROR: Uncaught ErrorException: include(C:\Users\LENOVO\Documents\forum-backend\vendor\composer/../filp/whoops/src/Whoops/Handler/Handler.php): Failed to open stream: No such file or directory in C:\Users\LENOVO\Documents\forum-backend\vendor\composer\ClassLoader.php:576
Stack trace:
#0 C:\Users\LENOVO\Documents\forum-backend\vendor\laravel\framework\src\Illuminate\Foundation\Bootstrap\HandleExceptions.php(262): Illuminate\Foundation\Bootstrap\HandleExceptions->handleError()
#1 C:\Users\LENOVO\Documents\forum-backend\vendor\composer\ClassLoader.php(576): Illuminate\Foundation\Bootstrap\HandleExceptions->{closure:Illuminate\Foundation\Bootstrap\HandleExceptions::forwardsTo():261}()
#2 C:\Users\LENOVO\Documents\forum-backend\vendor\composer\ClassLoader.php(576): include('...')
#3 C:\Users\LENOVO\Documents\forum-backend\vendor\composer\ClassLoader.php(427): {closure:Composer\Autoload\ClassLoader::initializeIncludeClosure():575}()
#4 C:\Users\LENOVO\Documents\forum-backend\vendor\nunomaduro\collision\src\Handler.php(16): Composer\Autoload\ClassLoader->loadClass()
#5 C:\Users\LENOVO\Documents\forum-backend\vendor\composer\ClassLoader.php(576): include('...')
#6 C:\Users\LENOVO\Documents\forum-backend\vendor\composer\ClassLoader.php(427): {closure:Composer\Autoload\ClassLoader::initializeIncludeClosure():575}()
#7 C:\Users\LENOVO\Documents\forum-backend\vendor\nunomaduro\collision\src\Adapters\Laravel\CollisionServiceProvider.php(55): Composer\Autoload\ClassLoader->loadClass()
#8 C:\Users\LENOVO\Documents\forum-backend\vendor\laravel\framework\src\Illuminate\Container\Container.php(1115): NunoMaduro\Collision\Adapters\Laravel\CollisionServiceProvider->{closure:NunoMaduro\Collision\Adapters\Laravel\CollisionServiceProvider::register():44}()
#9 C:\Users\LENOVO\Documents\forum-backend\vendor\laravel\framework\src\Illuminate\Container\Container.php(933): Illuminate\Container\Container->build()
#10 C:\Users\LENOVO\Documents\forum-backend\vendor\laravel\framework\src\Illuminate\Foundation\Application.php(1078): Illuminate\Container\Container->resolve()
#11 C:\Users\LENOVO\Documents\forum-backend\vendor\laravel\framework\src\Illuminate\Container\Container.php(864): Illuminate\Foundation\Application->resolve()
#12 C:\Users\LENOVO\Documents\forum-backend\vendor\laravel\framework\src\Illuminate\Foundation\Application.php(1058): Illuminate\Container\Container->make()
#13 C:\Users\LENOVO\Documents\forum-backend\vendor\nunomaduro\collision\src\Adapters\Laravel\ExceptionHandler.php(67): Illuminate\Foundation\Application->make()
#14 C:\Users\LENOVO\Documents\forum-backend\vendor\laravel\framework\src\Illuminate\Foundation\Bootstrap\HandleExceptions.php(214): NunoMaduro\Collision\Adapters\Laravel\ExceptionHandler->renderForConsole()
#15 C:\Users\LENOVO\Documents\forum-backend\vendor\laravel\framework\src\Illuminate\Foundation\Bootstrap\HandleExceptions.php(196): Illuminate\Foundation\Bootstrap\HandleExceptions->renderForConsole()
#16 C:\Users\LENOVO\Documents\forum-backend\vendor\laravel\framework\src\Illuminate\Foundation\Bootstrap\HandleExceptions.php(262): Illuminate\Foundation\Bootstrap\HandleExceptions->handleException()
#17 [internal function]: Illuminate\Foundation\Bootstrap\HandleExceptions->{closure:Illuminate\Foundation\Bootstrap\HandleExceptions::forwardsTo():261}()
#18 {main}
  thrown {"exception":"[object] (Symfony\\Component\\ErrorHandler\\Error\\FatalError(code: 0): Uncaught ErrorException: include(C:\\Users\\LENOVO\\Documents\\forum-backend\\vendor\\composer/../filp/whoops/src/Whoops/Handler/Handler.php): Failed to open stream: No such file or directory in C:\\Users\\LENOVO\\Documents\\forum-backend\\vendor\\composer\\ClassLoader.php:576
Stack trace:
#0 C:\\Users\\LENOVO\\Documents\\forum-backend\\vendor\\laravel\\framework\\src\\Illuminate\\Foundation\\Bootstrap\\HandleExceptions.php(262): Illuminate\\Foundation\\Bootstrap\\HandleExceptions->handleError()
#1 C:\\Users\\LENOVO\\Documents\\forum-backend\\vendor\\composer\\ClassLoader.php(576): Illuminate\\Foundation\\Bootstrap\\HandleExceptions->{closure:Illuminate\\Foundation\\Bootstrap\\HandleExceptions::forwardsTo():261}()
#2 C:\\Users\\LENOVO\\Documents\\forum-backend\\vendor\\composer\\ClassLoader.php(576): include('...')
#3 C:\\Users\\LENOVO\\Documents\\forum-backend\\vendor\\composer\\ClassLoader.php(427): {closure:Composer\\Autoload\\ClassLoader::initializeIncludeClosure():575}()
#4 C:\\Users\\LENOVO\\Documents\\forum-backend\\vendor\\nunomaduro\\collision\\src\\Handler.php(16): Composer\\Autoload\\ClassLoader->loadClass()
#5 C:\\Users\\LENOVO\\Documents\\forum-backend\\vendor\\composer\\ClassLoader.php(576): include('...')
#6 C:\\Users\\LENOVO\\Documents\\forum-backend\\vendor\\composer\\ClassLoader.php(427): {closure:Composer\\Autoload\\ClassLoader::initializeIncludeClosure():575}()
#7 C:\\Users\\LENOVO\\Documents\\forum-backend\\vendor\\nunomaduro\\collision\\src\\Adapters\\Laravel\\CollisionServiceProvider.php(55): Composer\\Autoload\\ClassLoader->loadClass()
#8 C:\\Users\\LENOVO\\Documents\\forum-backend\\vendor\\laravel\\framework\\src\\Illuminate\\Container\\Container.php(1115): NunoMaduro\\Collision\\Adapters\\Laravel\\CollisionServiceProvider->{closure:NunoMaduro\\Collision\\Adapters\\Laravel\\CollisionServiceProvider::register():44}()
#9 C:\\Users\\LENOVO\\Documents\\forum-backend\\vendor\\laravel\\framework\\src\\Illuminate\\Container\\Container.php(933): Illuminate\\Container\\Container->build()
#10 C:\\Users\\LENOVO\\Documents\\forum-backend\\vendor\\laravel\\framework\\src\\Illuminate\\Foundation\\Application.php(1078): Illuminate\\Container\\Container->resolve()
#11 C:\\Users\\LENOVO\\Documents\\forum-backend\\vendor\\laravel\\framework\\src\\Illuminate\\Container\\Container.php(864): Illuminate\\Foundation\\Application->resolve()
#12 C:\\Users\\LENOVO\\Documents\\forum-backend\\vendor\\laravel\\framework\\src\\Illuminate\\Foundation\\Application.php(1058): Illuminate\\Container\\Container->make()
#13 C:\\Users\\LENOVO\\Documents\\forum-backend\\vendor\\nunomaduro\\collision\\src\\Adapters\\Laravel\\ExceptionHandler.php(67): Illuminate\\Foundation\\Application->make()
#14 C:\\Users\\LENOVO\\Documents\\forum-backend\\vendor\\laravel\\framework\\src\\Illuminate\\Foundation\\Bootstrap\\HandleExceptions.php(214): NunoMaduro\\Collision\\Adapters\\Laravel\\ExceptionHandler->renderForConsole()
#15 C:\\Users\\LENOVO\\Documents\\forum-backend\\vendor\\laravel\\framework\\src\\Illuminate\\Foundation\\Bootstrap\\HandleExceptions.php(196): Illuminate\\Foundation\\Bootstrap\\HandleExceptions->renderForConsole()
#16 C:\\Users\\LENOVO\\Documents\\forum-backend\\vendor\\laravel\\framework\\src\\Illuminate\\Foundation\\Bootstrap\\HandleExceptions.php(262): Illuminate\\Foundation\\Bootstrap\\HandleExceptions->handleException()
#17 [internal function]: Illuminate\\Foundation\\Bootstrap\\HandleExceptions->{closure:Illuminate\\Foundation\\Bootstrap\\HandleExceptions::forwardsTo():261}()
#18 {main}
  thrown at C:/Users/LENOVO/Documents/forum-backend/vendor/composer/ClassLoader.php:576)
[stacktrace]
#0 {main}
"} 
